ARM Linker, 5.03 [Build 76] [MDK-ARM Lite]

==============================================================================

Section Cross References

    glcd_spi_stm32.o(.text) refers to glcd_spi_stm32.o(.data) for Himax
    glcd_spi_stm32.o(.text) refers to glcd_spi_stm32.o(.constdata) for Font_6x8_h
    irq.o(.text) refers to irq.o(.data) for ticks
    statemachine.o(.text) refers to _hal_gpio.o(.text) for clear_gpio_interrupt
    statemachine.o(.text) refers to system_stm32f10x_cl.o(.text) for SystemInit
    statemachine.o(.text) refers to glcd_spi_stm32.o(.text) for GLCD_Init
    statemachine.o(.text) refers to statemachine.o(.data) for myTicks
    statemachine.o(.text) refers to statemachine.o(.constdata) for led_mask
    _hal_gpio.o(.text) refers to _hal_gpio.o(.data) for PINPOS
    startup_stm32f10x_cl.o(RESET) refers to startup_stm32f10x_cl.o(STACK) for __initial_sp
    startup_stm32f10x_cl.o(RESET) refers to startup_stm32f10x_cl.o(.text) for Reset_Handler
    startup_stm32f10x_cl.o(RESET) refers to irq.o(.text) for SysTick_Handler
    startup_stm32f10x_cl.o(RESET) refers to statemachine.o(.text) for TIM4_IRQHandler
    startup_stm32f10x_cl.o(.text) refers to system_stm32f10x_cl.o(.text) for SystemInit
    startup_stm32f10x_cl.o(.text) refers to entry.o(.ARM.Collect$$$$00000000) for __main
    system_stm32f10x_cl.o(.text) refers to dflti.o(.text) for __aeabi_i2d
    system_stm32f10x_cl.o(.text) refers to dmul.o(.text) for __aeabi_dmul
    system_stm32f10x_cl.o(.text) refers to dfixui.o(.text) for __aeabi_d2uiz
    system_stm32f10x_cl.o(.text) refers to system_stm32f10x_cl.o(.data) for SystemFrequency_SysClk
    entry.o(.ARM.Collect$$$$00000000) refers (Special) to entry10a.o(.ARM.Collect$$$$0000000D) for __rt_final_cpp
    entry.o(.ARM.Collect$$$$00000000) refers (Special) to entry11a.o(.ARM.Collect$$$$0000000F) for __rt_final_exit
    entry.o(.ARM.Collect$$$$00000000) refers (Special) to entry7b.o(.ARM.Collect$$$$00000008) for _main_clock
    entry.o(.ARM.Collect$$$$00000000) refers (Special) to entry8b.o(.ARM.Collect$$$$0000000A) for _main_cpp_init
    entry.o(.ARM.Collect$$$$00000000) refers (Special) to entry9a.o(.ARM.Collect$$$$0000000B) for _main_init
    entry.o(.ARM.Collect$$$$00000000) refers (Special) to entry5.o(.ARM.Collect$$$$00000004) for _main_scatterload
    entry.o(.ARM.Collect$$$$00000000) refers (Special) to entry2.o(.ARM.Collect$$$$00000001) for _main_stk
    dmul.o(.text) refers (Special) to iusefp.o(.text) for __I$use$fp
    dmul.o(.text) refers to depilogue.o(.text) for _double_epilogue
    dflti.o(.text) refers (Special) to iusefp.o(.text) for __I$use$fp
    dflti.o(.text) refers to depilogue.o(.text) for _double_epilogue
    dfixui.o(.text) refers (Special) to iusefp.o(.text) for __I$use$fp
    dfixui.o(.text) refers to llushr.o(.text) for __aeabi_llsr
    entry2.o(.ARM.Collect$$$$00000001) refers to entry2.o(.ARM.Collect$$$$00002712) for __lit__00000000
    entry2.o(.ARM.Collect$$$$00002712) refers to startup_stm32f10x_cl.o(STACK) for __initial_sp
    entry2.o(__vectab_stack_and_reset_area) refers to startup_stm32f10x_cl.o(STACK) for __initial_sp
    entry2.o(__vectab_stack_and_reset_area) refers to entry.o(.ARM.Collect$$$$00000000) for __main
    entry5.o(.ARM.Collect$$$$00000004) refers to init.o(.text) for __scatterload
    entry9a.o(.ARM.Collect$$$$0000000B) refers to statemachine.o(.text) for main
    entry9b.o(.ARM.Collect$$$$0000000C) refers to statemachine.o(.text) for main
    depilogue.o(.text) refers to llshl.o(.text) for __aeabi_llsl
    depilogue.o(.text) refers to llushr.o(.text) for __aeabi_llsr
    init.o(.text) refers to entry5.o(.ARM.Collect$$$$00000004) for __main_after_scatterload


==============================================================================

Removing Unused input sections from the image.

    Removing glcd_spi_stm32.o(.rev16_text), (4 bytes).
    Removing glcd_spi_stm32.o(.revsh_text), (4 bytes).
    Removing statemachine.o(.rev16_text), (4 bytes).
    Removing statemachine.o(.revsh_text), (4 bytes).
    Removing _hal_gpio.o(.rev16_text), (4 bytes).
    Removing _hal_gpio.o(.revsh_text), (4 bytes).
    Removing startup_stm32f10x_cl.o(HEAP), (512 bytes).
    Removing system_stm32f10x_cl.o(.rev16_text), (4 bytes).
    Removing system_stm32f10x_cl.o(.revsh_text), (4 bytes).

9 unused section(s) (total 544 bytes) removed from the image.

==============================================================================

Image Symbol Table

    Local Symbols

    Symbol Name                              Value     Ov Type        Size  Object(Section)

    ../clib/microlib/init/entry.s            0x00000000   Number         0  entry9a.o ABSOLUTE
    ../clib/microlib/init/entry.s            0x00000000   Number         0  entry8b.o ABSOLUTE
    ../clib/microlib/init/entry.s            0x00000000   Number         0  entry8a.o ABSOLUTE
    ../clib/microlib/init/entry.s            0x00000000   Number         0  entry7b.o ABSOLUTE
    ../clib/microlib/init/entry.s            0x00000000   Number         0  entry7a.o ABSOLUTE
    ../clib/microlib/init/entry.s            0x00000000   Number         0  entry5.o ABSOLUTE
    ../clib/microlib/init/entry.s            0x00000000   Number         0  entry2.o ABSOLUTE
    ../clib/microlib/init/entry.s            0x00000000   Number         0  entry.o ABSOLUTE
    ../clib/microlib/init/entry.s            0x00000000   Number         0  entry11b.o ABSOLUTE
    ../clib/microlib/init/entry.s            0x00000000   Number         0  entry11a.o ABSOLUTE
    ../clib/microlib/init/entry.s            0x00000000   Number         0  entry10b.o ABSOLUTE
    ../clib/microlib/init/entry.s            0x00000000   Number         0  entry10a.o ABSOLUTE
    ../clib/microlib/init/entry.s            0x00000000   Number         0  entry9b.o ABSOLUTE
    ../clib/microlib/longlong.c              0x00000000   Number         0  llshl.o ABSOLUTE
    ../clib/microlib/longlong.c              0x00000000   Number         0  llushr.o ABSOLUTE
    ../clib/microlib/stubs.s                 0x00000000   Number         0  iusefp.o ABSOLUTE
    ../fplib/microlib/fpepilogue.c           0x00000000   Number         0  depilogue.o ABSOLUTE
    ../fplib/microlib/fpfix.c                0x00000000   Number         0  dfixui.o ABSOLUTE
    ../fplib/microlib/fpflt.c                0x00000000   Number         0  dflti.o ABSOLUTE
    ../fplib/microlib/fpmul.c                0x00000000   Number         0  dmul.o ABSOLUTE
    GLCD_SPI_STM32.c                         0x00000000   Number         0  glcd_spi_stm32.o ABSOLUTE
    GLCD_SPI_STM32.c                         0x00000000   Number         0  glcd_spi_stm32.o ABSOLUTE
    IRQ.c                                    0x00000000   Number         0  irq.o ABSOLUTE
    _HAL_GPIO.c                              0x00000000   Number         0  _hal_gpio.o ABSOLUTE
    _HAL_GPIO.c                              0x00000000   Number         0  _hal_gpio.o ABSOLUTE
    dc.s                                     0x00000000   Number         0  dc.o ABSOLUTE
    handlers.s                               0x00000000   Number         0  handlers.o ABSOLUTE
    init.s                                   0x00000000   Number         0  init.o ABSOLUTE
    startup_stm32f10x_cl.s                   0x00000000   Number         0  startup_stm32f10x_cl.o ABSOLUTE
    statemachine.c                           0x00000000   Number         0  statemachine.o ABSOLUTE
    statemachine.c                           0x00000000   Number         0  statemachine.o ABSOLUTE
    system_stm32f10x_cl.c                    0x00000000   Number         0  system_stm32f10x_cl.o ABSOLUTE
    system_stm32f10x_cl.c                    0x00000000   Number         0  system_stm32f10x_cl.o ABSOLUTE
    RESET                                    0x08000000   Section      336  startup_stm32f10x_cl.o(RESET)
    .ARM.Collect$$$$00000000                 0x08000150   Section        0  entry.o(.ARM.Collect$$$$00000000)
    .ARM.Collect$$$$00000001                 0x08000150   Section        4  entry2.o(.ARM.Collect$$$$00000001)
    .ARM.Collect$$$$00000004                 0x08000154   Section        4  entry5.o(.ARM.Collect$$$$00000004)
    .ARM.Collect$$$$00000008                 0x08000158   Section        0  entry7b.o(.ARM.Collect$$$$00000008)
    .ARM.Collect$$$$0000000A                 0x08000158   Section        0  entry8b.o(.ARM.Collect$$$$0000000A)
    .ARM.Collect$$$$0000000B                 0x08000158   Section        8  entry9a.o(.ARM.Collect$$$$0000000B)
    .ARM.Collect$$$$0000000D                 0x08000160   Section        0  entry10a.o(.ARM.Collect$$$$0000000D)
    .ARM.Collect$$$$0000000F                 0x08000160   Section        0  entry11a.o(.ARM.Collect$$$$0000000F)
    .ARM.Collect$$$$00002712                 0x08000160   Section        4  entry2.o(.ARM.Collect$$$$00002712)
    __lit__00000000                          0x08000160   Data           4  entry2.o(.ARM.Collect$$$$00002712)
    .text                                    0x08000164   Section        0  glcd_spi_stm32.o(.text)
    spi_tran_man                             0x08000173   Thumb Code   132  glcd_spi_stm32.o(.text)
    wr_cmd                                   0x080001f7   Thumb Code    42  glcd_spi_stm32.o(.text)
    wr_dat                                   0x08000221   Thumb Code    42  glcd_spi_stm32.o(.text)
    rd_reg                                   0x0800024b   Thumb Code    72  glcd_spi_stm32.o(.text)
    rd_id_man                                0x08000293   Thumb Code   128  glcd_spi_stm32.o(.text)
    spi_tran                                 0x08000cb7   Thumb Code    28  glcd_spi_stm32.o(.text)
    wr_dat_start                             0x08000cd3   Thumb Code    18  glcd_spi_stm32.o(.text)
    wr_dat_stop                              0x08000ce5   Thumb Code    12  glcd_spi_stm32.o(.text)
    wr_dat_only                              0x08000cf1   Thumb Code    18  glcd_spi_stm32.o(.text)
    wr_reg                                   0x08000d03   Thumb Code    20  glcd_spi_stm32.o(.text)
    .text                                    0x08000d30   Section        0  irq.o(.text)
    .text                                    0x08000d78   Section        0  statemachine.o(.text)
    .text                                    0x08001308   Section        0  _hal_gpio.o(.text)
    config_pin                               0x08001309   Thumb Code   272  _hal_gpio.o(.text)
    config_pin_speed                         0x08001419   Thumb Code   110  _hal_gpio.o(.text)
    .text                                    0x08001aa8   Section       36  startup_stm32f10x_cl.o(.text)
    .text                                    0x08001acc   Section        0  system_stm32f10x_cl.o(.text)
    .text                                    0x08001cb4   Section        0  dmul.o(.text)
    .text                                    0x08001d98   Section        0  dflti.o(.text)
    .text                                    0x08001dba   Section        0  dfixui.o(.text)
    .text                                    0x08001dec   Section        0  llushr.o(.text)
    .text                                    0x08001e0c   Section        0  iusefp.o(.text)
    .text                                    0x08001e0c   Section        0  depilogue.o(.text)
    .text                                    0x08001ecc   Section       36  init.o(.text)
    .text                                    0x08001ef0   Section        0  llshl.o(.text)
    i.__scatterload_copy                     0x08001f0e   Section       14  handlers.o(i.__scatterload_copy)
    i.__scatterload_null                     0x08001f1c   Section        2  handlers.o(i.__scatterload_null)
    i.__scatterload_zeroinit                 0x08001f1e   Section       14  handlers.o(i.__scatterload_zeroinit)
    .constdata                               0x08001f2c   Section     6272  glcd_spi_stm32.o(.constdata)
    .constdata                               0x080037ac   Section       32  statemachine.o(.constdata)
    .data                                    0x20000000   Section        5  glcd_spi_stm32.o(.data)
    Color                                    0x20000000   Data           4  glcd_spi_stm32.o(.data)
    Himax                                    0x20000004   Data           1  glcd_spi_stm32.o(.data)
    .data                                    0x20000008   Section        7  irq.o(.data)
    .data                                    0x20000010   Section       24  statemachine.o(.data)
    .data                                    0x20000028   Section       64  _hal_gpio.o(.data)
    .data                                    0x20000068   Section       20  system_stm32f10x_cl.o(.data)
    STACK                                    0x20000080   Section     1024  startup_stm32f10x_cl.o(STACK)

    Global Symbols

    Symbol Name                              Value     Ov Type        Size  Object(Section)

    BuildAttributes$$THM_ISAv4$P$D$K$B$S$PE$A:L22UL41UL21$X:L11$S22US41US21$IEEE1$IW$USESV6$~STKCKD$USESV7$~SHL$OSPACE$ROPI$EBA8$MICROLIB$REQ8$PRES8$EABIv2 0x00000000   Number         0  anon$$obj.o ABSOLUTE
    __ARM_use_no_argv                        0x00000000   Number         0  statemachine.o ABSOLUTE
    __cpp_initialize__aeabi_                  - Undefined Weak Reference
    __cxa_finalize                            - Undefined Weak Reference
    __decompress                              - Undefined Weak Reference
    _clock_init                               - Undefined Weak Reference
    _microlib_exit                            - Undefined Weak Reference
    __Vectors_Size                           0x00000150   Number         0  startup_stm32f10x_cl.o ABSOLUTE
    __Vectors                                0x08000000   Data           4  startup_stm32f10x_cl.o(RESET)
    __Vectors_End                            0x08000150   Data           0  startup_stm32f10x_cl.o(RESET)
    __main                                   0x08000151   Thumb Code     0  entry.o(.ARM.Collect$$$$00000000)
    _main_stk                                0x08000151   Thumb Code     0  entry2.o(.ARM.Collect$$$$00000001)
    _main_scatterload                        0x08000155   Thumb Code     0  entry5.o(.ARM.Collect$$$$00000004)
    __main_after_scatterload                 0x08000159   Thumb Code     0  entry5.o(.ARM.Collect$$$$00000004)
    _main_clock                              0x08000159   Thumb Code     0  entry7b.o(.ARM.Collect$$$$00000008)
    _main_cpp_init                           0x08000159   Thumb Code     0  entry8b.o(.ARM.Collect$$$$0000000A)
    _main_init                               0x08000159   Thumb Code     0  entry9a.o(.ARM.Collect$$$$0000000B)
    __rt_final_cpp                           0x08000161   Thumb Code     0  entry10a.o(.ARM.Collect$$$$0000000D)
    __rt_final_exit                          0x08000161   Thumb Code     0  entry11a.o(.ARM.Collect$$$$0000000F)
    delay                                    0x08000165   Thumb Code    14  glcd_spi_stm32.o(.text)
    GLCD_Init                                0x08000313   Thumb Code  1526  glcd_spi_stm32.o(.text)
    GLCD_SetWindow                           0x08000909   Thumb Code   168  glcd_spi_stm32.o(.text)
    GLCD_WindowMax                           0x080009b1   Thumb Code    24  glcd_spi_stm32.o(.text)
    GLCD_PutPixel                            0x080009c9   Thumb Code   118  glcd_spi_stm32.o(.text)
    GLCD_SetTextColor                        0x08000a3f   Thumb Code     6  glcd_spi_stm32.o(.text)
    GLCD_SetBackColor                        0x08000a45   Thumb Code     6  glcd_spi_stm32.o(.text)
    GLCD_Clear                               0x08000a4b   Thumb Code    42  glcd_spi_stm32.o(.text)
    GLCD_DrawChar                            0x08000a75   Thumb Code   150  glcd_spi_stm32.o(.text)
    GLCD_DisplayChar                         0x08000b0b   Thumb Code    84  glcd_spi_stm32.o(.text)
    GLCD_DisplayString                       0x08000b5f   Thumb Code    40  glcd_spi_stm32.o(.text)
    GLCD_ClearLn                             0x08000b87   Thumb Code    94  glcd_spi_stm32.o(.text)
    GLCD_Bargraph                            0x08000be5   Thumb Code    98  glcd_spi_stm32.o(.text)
    GLCD_Bitmap                              0x08000c47   Thumb Code    82  glcd_spi_stm32.o(.text)
    GLCD_ScrollVertical                      0x08000c99   Thumb Code     2  glcd_spi_stm32.o(.text)
    GLCD_WrCmd                               0x08000c9b   Thumb Code    12  glcd_spi_stm32.o(.text)
    GLCD_WrReg                               0x08000ca7   Thumb Code    16  glcd_spi_stm32.o(.text)
    SysTick_Handler                          0x08000d31   Thumb Code    56  irq.o(.text)
    delaySeconds                             0x08000d79   Thumb Code    60  statemachine.o(.text)
    EXTI3_IRQ_IRQHandler                     0x08000db5   Thumb Code    16  statemachine.o(.text)
    EXTI4_IRQ_IRQHandler                     0x08000dc5   Thumb Code    88  statemachine.o(.text)
    TIM4_IRQHandler                          0x08000e1d   Thumb Code    40  statemachine.o(.text)
    main                                     0x08000e45   Thumb Code  1166  statemachine.o(.text)
    goio_write                               0x08001487   Thumb Code    24  _hal_gpio.o(.text)
    gpio_toggle                              0x0800149f   Thumb Code    12  _hal_gpio.o(.text)
    gpio_init                                0x080014ab   Thumb Code   110  _hal_gpio.o(.text)
    configure_gpio_interrupt                 0x08001519   Thumb Code  1332  _hal_gpio.o(.text)
    enable_gpio_interrupt                    0x08001a4d   Thumb Code    48  _hal_gpio.o(.text)
    clear_gpio_interrupt                     0x08001a7d   Thumb Code    20  _hal_gpio.o(.text)
    Reset_Handler                            0x08001aa9   Thumb Code     8  startup_stm32f10x_cl.o(.text)
    NMI_Handler                              0x08001ab1   Thumb Code     2  startup_stm32f10x_cl.o(.text)
    HardFault_Handler                        0x08001ab3   Thumb Code     2  startup_stm32f10x_cl.o(.text)
    MemManage_Handler                        0x08001ab5   Thumb Code     2  startup_stm32f10x_cl.o(.text)
    BusFault_Handler                         0x08001ab7   Thumb Code     2  startup_stm32f10x_cl.o(.text)
    UsageFault_Handler                       0x08001ab9   Thumb Code     2  startup_stm32f10x_cl.o(.text)
    SVC_Handler                              0x08001abb   Thumb Code     2  startup_stm32f10x_cl.o(.text)
    DebugMon_Handler                         0x08001abd   Thumb Code     2  startup_stm32f10x_cl.o(.text)
    PendSV_Handler                           0x08001abf   Thumb Code     2  startup_stm32f10x_cl.o(.text)
    ADC1_2_IRQHandler                        0x08001ac3   Thumb Code     0  startup_stm32f10x_cl.o(.text)
    CAN1_RX0_IRQHandler                      0x08001ac3   Thumb Code     0  startup_stm32f10x_cl.o(.text)
    CAN1_RX1_IRQHandler                      0x08001ac3   Thumb Code     0  startup_stm32f10x_cl.o(.text)
    CAN1_SCE_IRQHandler                      0x08001ac3   Thumb Code     0  startup_stm32f10x_cl.o(.text)
    CAN1_TX_IRQHandler                       0x08001ac3   Thumb Code     0  startup_stm32f10x_cl.o(.text)
    CAN2_RX0_IRQHandler                      0x08001ac3   Thumb Code     0  startup_stm32f10x_cl.o(.text)
    CAN2_RX1_IRQHandler                      0x08001ac3   Thumb Code     0  startup_stm32f10x_cl.o(.text)
    CAN2_SCE_IRQHandler                      0x08001ac3   Thumb Code     0  startup_stm32f10x_cl.o(.text)
    CAN2_TX_IRQHandler                       0x08001ac3   Thumb Code     0  startup_stm32f10x_cl.o(.text)
    DMA1_Channel1_IRQHandler                 0x08001ac3   Thumb Code     0  startup_stm32f10x_cl.o(.text)
    DMA1_Channel2_IRQHandler                 0x08001ac3   Thumb Code     0  startup_stm32f10x_cl.o(.text)
    DMA1_Channel3_IRQHandler                 0x08001ac3   Thumb Code     0  startup_stm32f10x_cl.o(.text)
    DMA1_Channel4_IRQHandler                 0x08001ac3   Thumb Code     0  startup_stm32f10x_cl.o(.text)
    DMA1_Channel5_IRQHandler                 0x08001ac3   Thumb Code     0  startup_stm32f10x_cl.o(.text)
    DMA1_Channel6_IRQHandler                 0x08001ac3   Thumb Code     0  startup_stm32f10x_cl.o(.text)
    DMA1_Channel7_IRQHandler                 0x08001ac3   Thumb Code     0  startup_stm32f10x_cl.o(.text)
    DMA2_Channel1_IRQHandler                 0x08001ac3   Thumb Code     0  startup_stm32f10x_cl.o(.text)
    DMA2_Channel2_IRQHandler                 0x08001ac3   Thumb Code     0  startup_stm32f10x_cl.o(.text)
    DMA2_Channel3_IRQHandler                 0x08001ac3   Thumb Code     0  startup_stm32f10x_cl.o(.text)
    DMA2_Channel4_IRQHandler                 0x08001ac3   Thumb Code     0  startup_stm32f10x_cl.o(.text)
    DMA2_Channel5_IRQHandler                 0x08001ac3   Thumb Code     0  startup_stm32f10x_cl.o(.text)
    ETH_IRQHandler                           0x08001ac3   Thumb Code     0  startup_stm32f10x_cl.o(.text)
    ETH_WKUP_IRQHandler                      0x08001ac3   Thumb Code     0  startup_stm32f10x_cl.o(.text)
    EXTI0_IRQHandler                         0x08001ac3   Thumb Code     0  startup_stm32f10x_cl.o(.text)
    EXTI15_10_IRQHandler                     0x08001ac3   Thumb Code     0  startup_stm32f10x_cl.o(.text)
    EXTI1_IRQHandler                         0x08001ac3   Thumb Code     0  startup_stm32f10x_cl.o(.text)
    EXTI2_IRQHandler                         0x08001ac3   Thumb Code     0  startup_stm32f10x_cl.o(.text)
    EXTI3_IRQHandler                         0x08001ac3   Thumb Code     0  startup_stm32f10x_cl.o(.text)
    EXTI4_IRQHandler                         0x08001ac3   Thumb Code     0  startup_stm32f10x_cl.o(.text)
    EXTI9_5_IRQHandler                       0x08001ac3   Thumb Code     0  startup_stm32f10x_cl.o(.text)
    FLASH_IRQHandler                         0x08001ac3   Thumb Code     0  startup_stm32f10x_cl.o(.text)
    I2C1_ER_IRQHandler                       0x08001ac3   Thumb Code     0  startup_stm32f10x_cl.o(.text)
    I2C1_EV_IRQHandler                       0x08001ac3   Thumb Code     0  startup_stm32f10x_cl.o(.text)
    I2C2_ER_IRQHandler                       0x08001ac3   Thumb Code     0  startup_stm32f10x_cl.o(.text)
    I2C2_EV_IRQHandler                       0x08001ac3   Thumb Code     0  startup_stm32f10x_cl.o(.text)
    OTG_FS_IRQHandler                        0x08001ac3   Thumb Code     0  startup_stm32f10x_cl.o(.text)
    OTG_FS_WKUP_IRQHandler                   0x08001ac3   Thumb Code     0  startup_stm32f10x_cl.o(.text)
    PVD_IRQHandler                           0x08001ac3   Thumb Code     0  startup_stm32f10x_cl.o(.text)
    RCC_IRQHandler                           0x08001ac3   Thumb Code     0  startup_stm32f10x_cl.o(.text)
    RTCAlarm_IRQHandler                      0x08001ac3   Thumb Code     0  startup_stm32f10x_cl.o(.text)
    RTC_IRQHandler                           0x08001ac3   Thumb Code     0  startup_stm32f10x_cl.o(.text)
    SPI1_IRQHandler                          0x08001ac3   Thumb Code     0  startup_stm32f10x_cl.o(.text)
    SPI2_IRQHandler                          0x08001ac3   Thumb Code     0  startup_stm32f10x_cl.o(.text)
    SPI3_IRQHandler                          0x08001ac3   Thumb Code     0  startup_stm32f10x_cl.o(.text)
    TAMPER_IRQHandler                        0x08001ac3   Thumb Code     0  startup_stm32f10x_cl.o(.text)
    TIM1_BRK_IRQHandler                      0x08001ac3   Thumb Code     0  startup_stm32f10x_cl.o(.text)
    TIM1_CC_IRQHandler                       0x08001ac3   Thumb Code     0  startup_stm32f10x_cl.o(.text)
    TIM1_TRG_COM_IRQHandler                  0x08001ac3   Thumb Code     0  startup_stm32f10x_cl.o(.text)
    TIM1_UP_IRQHandler                       0x08001ac3   Thumb Code     0  startup_stm32f10x_cl.o(.text)
    TIM2_IRQHandler                          0x08001ac3   Thumb Code     0  startup_stm32f10x_cl.o(.text)
    TIM3_IRQHandler                          0x08001ac3   Thumb Code     0  startup_stm32f10x_cl.o(.text)
    TIM5_IRQHandler                          0x08001ac3   Thumb Code     0  startup_stm32f10x_cl.o(.text)
    TIM6_IRQHandler                          0x08001ac3   Thumb Code     0  startup_stm32f10x_cl.o(.text)
    TIM7_IRQHandler                          0x08001ac3   Thumb Code     0  startup_stm32f10x_cl.o(.text)
    UART4_IRQHandler                         0x08001ac3   Thumb Code     0  startup_stm32f10x_cl.o(.text)
    UART5_IRQHandler                         0x08001ac3   Thumb Code     0  startup_stm32f10x_cl.o(.text)
    USART1_IRQHandler                        0x08001ac3   Thumb Code     0  startup_stm32f10x_cl.o(.text)
    USART2_IRQHandler                        0x08001ac3   Thumb Code     0  startup_stm32f10x_cl.o(.text)
    USART3_IRQHandler                        0x08001ac3   Thumb Code     0  startup_stm32f10x_cl.o(.text)
    WWDG_IRQHandler                          0x08001ac3   Thumb Code     0  startup_stm32f10x_cl.o(.text)
    SystemInit                               0x08001acd   Thumb Code   430  system_stm32f10x_cl.o(.text)
    __aeabi_dmul                             0x08001cb5   Thumb Code   228  dmul.o(.text)
    __aeabi_i2d                              0x08001d99   Thumb Code    34  dflti.o(.text)
    __aeabi_d2uiz                            0x08001dbb   Thumb Code    50  dfixui.o(.text)
    __aeabi_llsr                             0x08001ded   Thumb Code    32  llushr.o(.text)
    _ll_ushift_r                             0x08001ded   Thumb Code     0  llushr.o(.text)
    __I$use$fp                               0x08001e0d   Thumb Code     0  iusefp.o(.text)
    _double_round                            0x08001e0d   Thumb Code    26  depilogue.o(.text)
    _double_epilogue                         0x08001e27   Thumb Code   164  depilogue.o(.text)
    __scatterload                            0x08001ecd   Thumb Code    28  init.o(.text)
    __scatterload_rt2                        0x08001ecd   Thumb Code     0  init.o(.text)
    __aeabi_llsl                             0x08001ef1   Thumb Code    30  llshl.o(.text)
    _ll_shift_l                              0x08001ef1   Thumb Code     0  llshl.o(.text)
    __scatterload_copy                       0x08001f0f   Thumb Code    14  handlers.o(i.__scatterload_copy)
    __scatterload_null                       0x08001f1d   Thumb Code     2  handlers.o(i.__scatterload_null)
    __scatterload_zeroinit                   0x08001f1f   Thumb Code    14  handlers.o(i.__scatterload_zeroinit)
    Font_6x8_h                               0x08001f2c   Data         896  glcd_spi_stm32.o(.constdata)
    Font_16x24_h                             0x080022ac   Data        5376  glcd_spi_stm32.o(.constdata)
    led_mask                                 0x080037ac   Data          32  statemachine.o(.constdata)
    Region$$Table$$Base                      0x080037cc   Number         0  anon$$obj.o(Region$$Table)
    Region$$Table$$Limit                     0x080037ec   Number         0  anon$$obj.o(Region$$Table)
    ticks                                    0x20000008   Data           4  irq.o(.data)
    ClockLEDOn                               0x2000000c   Data           1  irq.o(.data)
    ClockLEDOff                              0x2000000d   Data           1  irq.o(.data)
    ClockANI                                 0x2000000e   Data           1  irq.o(.data)
    i                                        0x20000010   Data           4  statemachine.o(.data)
    but                                      0x20000014   Data           4  statemachine.o(.data)
    but_                                     0x20000018   Data           4  statemachine.o(.data)
    state                                    0x2000001c   Data           4  statemachine.o(.data)
    myTicks                                  0x20000020   Data           4  statemachine.o(.data)
    j                                        0x20000024   Data           4  statemachine.o(.data)
    PINPOS                                   0x20000028   Data          64  _hal_gpio.o(.data)
    SystemFrequency                          0x20000068   Data           4  system_stm32f10x_cl.o(.data)
    SystemFrequency_SysClk                   0x2000006c   Data           4  system_stm32f10x_cl.o(.data)
    SystemFrequency_AHBClk                   0x20000070   Data           4  system_stm32f10x_cl.o(.data)
    SystemFrequency_APB1Clk                  0x20000074   Data           4  system_stm32f10x_cl.o(.data)
    SystemFrequency_APB2Clk                  0x20000078   Data           4  system_stm32f10x_cl.o(.data)
    __initial_sp                             0x20000480   Data           0  startup_stm32f10x_cl.o(STACK)



==============================================================================

Memory Map of the image

  Image Entry point : 0x08001aa9

  Load Region LR_1 (Base: 0x08000000, Size: 0x00003868, Max: 0xffffffff, ABSOLUTE)

    Execution Region ER_RO (Base: 0x08000000, Size: 0x000037ec, Max: 0xffffffff, ABSOLUTE)

    Base Addr    Size         Type   Attr      Idx    E Section Name        Object

    0x08000000   0x00000150   Data   RO          143    RESET               startup_stm32f10x_cl.o
    0x08000150   0x00000000   Code   RO          174  * .ARM.Collect$$$$00000000  mc_w.l(entry.o)
    0x08000150   0x00000004   Code   RO          183    .ARM.Collect$$$$00000001  mc_w.l(entry2.o)
    0x08000154   0x00000004   Code   RO          186    .ARM.Collect$$$$00000004  mc_w.l(entry5.o)
    0x08000158   0x00000000   Code   RO          188    .ARM.Collect$$$$00000008  mc_w.l(entry7b.o)
    0x08000158   0x00000000   Code   RO          190    .ARM.Collect$$$$0000000A  mc_w.l(entry8b.o)
    0x08000158   0x00000008   Code   RO          191    .ARM.Collect$$$$0000000B  mc_w.l(entry9a.o)
    0x08000160   0x00000000   Code   RO          193    .ARM.Collect$$$$0000000D  mc_w.l(entry10a.o)
    0x08000160   0x00000000   Code   RO          195    .ARM.Collect$$$$0000000F  mc_w.l(entry11a.o)
    0x08000160   0x00000004   Code   RO          184    .ARM.Collect$$$$00002712  mc_w.l(entry2.o)
    0x08000164   0x00000bcc   Code   RO            3    .text               glcd_spi_stm32.o
    0x08000d30   0x00000048   Code   RO           57    .text               irq.o
    0x08000d78   0x00000590   Code   RO           71    .text               statemachine.o
    0x08001308   0x000007a0   Code   RO          120    .text               _hal_gpio.o
    0x08001aa8   0x00000024   Code   RO          144  * .text               startup_stm32f10x_cl.o
    0x08001acc   0x000001e8   Code   RO          150    .text               system_stm32f10x_cl.o
    0x08001cb4   0x000000e4   Code   RO          177    .text               mf_w.l(dmul.o)
    0x08001d98   0x00000022   Code   RO          179    .text               mf_w.l(dflti.o)
    0x08001dba   0x00000032   Code   RO          181    .text               mf_w.l(dfixui.o)
    0x08001dec   0x00000020   Code   RO          197    .text               mc_w.l(llushr.o)
    0x08001e0c   0x00000000   Code   RO          199    .text               mc_w.l(iusefp.o)
    0x08001e0c   0x000000be   Code   RO          200    .text               mf_w.l(depilogue.o)
    0x08001eca   0x00000002   PAD
    0x08001ecc   0x00000024   Code   RO          202    .text               mc_w.l(init.o)
    0x08001ef0   0x0000001e   Code   RO          204    .text               mc_w.l(llshl.o)
    0x08001f0e   0x0000000e   Code   RO          208    i.__scatterload_copy  mc_w.l(handlers.o)
    0x08001f1c   0x00000002   Code   RO          209    i.__scatterload_null  mc_w.l(handlers.o)
    0x08001f1e   0x0000000e   Code   RO          210    i.__scatterload_zeroinit  mc_w.l(handlers.o)
    0x08001f2c   0x00001880   Data   RO            4    .constdata          glcd_spi_stm32.o
    0x080037ac   0x00000020   Data   RO           72    .constdata          statemachine.o
    0x080037cc   0x00000020   Data   RO          206    Region$$Table       anon$$obj.o


    Execution Region ER_RW (Base: 0x20000000, Size: 0x0000007c, Max: 0xffffffff, ABSOLUTE)

    Base Addr    Size         Type   Attr      Idx    E Section Name        Object

    0x20000000   0x00000005   Data   RW            5    .data               glcd_spi_stm32.o
    0x20000005   0x00000003   PAD
    0x20000008   0x00000007   Data   RW           58    .data               irq.o
    0x2000000f   0x00000001   PAD
    0x20000010   0x00000018   Data   RW           73    .data               statemachine.o
    0x20000028   0x00000040   Data   RW          121    .data               _hal_gpio.o
    0x20000068   0x00000014   Data   RW          151    .data               system_stm32f10x_cl.o


    Execution Region ER_ZI (Base: 0x2000007c, Size: 0x00000404, Max: 0xffffffff, ABSOLUTE)

    Base Addr    Size         Type   Attr      Idx    E Section Name        Object

    0x2000007c   0x00000004   PAD
    0x20000080   0x00000400   Zero   RW          141    STACK               startup_stm32f10x_cl.o


==============================================================================

Image component sizes


      Code (inc. data)   RO Data    RW Data    ZI Data      Debug   Object Name

      1952        164          0         64          0       3788   _hal_gpio.o
      3020         68       6272          5          0      13002   glcd_spi_stm32.o
        72         16          0          7          0        630   irq.o
        36          8        336          0       1024        700   startup_stm32f10x_cl.o
      1424        370         32         24          0     230599   statemachine.o
       488         58          0         20          0       1225   system_stm32f10x_cl.o

    ----------------------------------------------------------------------
      6992        684       6672        124       1028     249944   Object Totals
         0          0         32          0          0          0   (incl. Generated)
         0          0          0          4          4          0   (incl. Padding)

    ----------------------------------------------------------------------

      Code (inc. data)   RO Data    RW Data    ZI Data      Debug   Library Member Name

         0          0          0          0          0          0   entry.o
         0          0          0          0          0          0   entry10a.o
         0          0          0          0          0          0   entry11a.o
         8          4          0          0          0          0   entry2.o
         4          0          0          0          0          0   entry5.o
         0          0          0          0          0          0   entry7b.o
         0          0          0          0          0          0   entry8b.o
         8          4          0          0          0          0   entry9a.o
        30          0          0          0          0          0   handlers.o
        36          8          0          0          0         68   init.o
         0          0          0          0          0          0   iusefp.o
        30          0          0          0          0         68   llshl.o
        32          0          0          0          0         68   llushr.o
       190          0          0          0          0        176   depilogue.o
        50          0          0          0          0         76   dfixui.o
        34          0          0          0          0         76   dflti.o
       228          0          0          0          0         96   dmul.o

    ----------------------------------------------------------------------
       652         16          0          0          0        628   Library Totals
         2          0          0          0          0          0   (incl. Padding)

    ----------------------------------------------------------------------

      Code (inc. data)   RO Data    RW Data    ZI Data      Debug   Library Name

       148         16          0          0          0        204   mc_w.l
       502          0          0          0          0        424   mf_w.l

    ----------------------------------------------------------------------
       652         16          0          0          0        628   Library Totals

    ----------------------------------------------------------------------

==============================================================================


      Code (inc. data)   RO Data    RW Data    ZI Data      Debug   

      7644        700       6672        124       1028     249844   Grand Totals
      7644        700       6672        124       1028     249844   ELF Image Totals
      7644        700       6672        124          0          0   ROM Totals

==============================================================================

    Total RO  Size (Code + RO Data)                14316 (  13.98kB)
    Total RW  Size (RW Data + ZI Data)              1152 (   1.13kB)
    Total ROM Size (Code + RO Data + RW Data)      14440 (  14.10kB)

==============================================================================

