<html>
<body>
<pre>
<h1>µVision Build Log</h1>
<h2>Project:</h2>
D:\Keil\lab10_statemachine\statemachine.uvproj
Project File Date:  05/03/2023

<h2>Output:</h2>
Build target 'Target 1'
linking...
Program Size: Code=7644 RO-data=6672 RW-data=124 ZI-data=1028  
".\statemachine.axf" - 0 Error(s), 0 Warning(s).
</pre>
</body>
</html>
nking...
Program Size: Code=7644 RO-data=6672 RW-data=124 ZI-data=1028  
".\statemachine.axf" - 0 Error(s), 1 Warning(s).
Load "D:\\Keil\\lab10_statemachine\\statemachine.axf" 
Erase Done.
Programming Done.
Verify OK.
(58): warning:  #223-D: function "clear_gpio_interrupt" declared implicitly
        clear_gpio_interrupt(3);
statemachine.c(75): warning:  #223-D: function "clear_gpio_interrupt" declared implicitly
        clear_gpio_interrupt(4);
statemachine.c(107): warning:  #223-D: function "enable_gpio_interrupt" declared implicitly
        enable_gpio_interrupt(4, EXTI4_IRQn);
statemachine.c: 6 warnings, 0 errors
linking...
Program Size: Code=7636 RO-data=6672 RW-data=124 ZI-data=1028  
".\statemachine.axf" - 0 Error(s), 6 Warning(s).
 warning:  #68-D: integer conversion resulted in a change of sign
        if(pinNumber>-8){
_HAL_GPIO.c: 2 warnings, 0 errors
linking...
Program Size: Code=7628 RO-data=6672 RW-data=124 ZI-data=1028  
".\statemachine.axf" - 0 Error(s), 8 Warning(s).
#endif
_HAL_GPIO.c(81): warning:  #68-D: integer conversion resulted in a change of sign
        if(pinNumber>-8){
_HAL_GPIO.c: 2 warnings, 1 error
".\statemachine.axf" - 2 Error(s), 9 Warning(s).
Target not created
